src/App.tsx(1,1): error TS6192: All imports in import declaration are unused.
