============================= test session starts =============================
platform win32 -- Python 3.14.3, pytest-9.0.2, pluggy-1.6.0 -- C:\Python314\python.exe
cachedir: .pytest_cache
rootdir: D:\Workfllow\backend
plugins: anyio-4.12.1
collecting ... collected 67 items

tests/stress/test_audit.py::TestAudit::test_immutable_history PASSED     [  1%]
tests/stress/test_audit.py::TestAudit::test_invalid_transition_approve_then_reject PASSED [  2%]
tests/stress/test_audit.py::TestAudit::test_reject_without_reason PASSED [  4%]
tests/stress/test_boundaries.py::TestBoundaries::test_frequency_boundaries PASSED [  5%]
tests/stress/test_boundaries.py::TestBoundaries::test_spend_boundaries PASSED [  7%]
tests/stress/test_consistency.py::TestLogicalConsistency::test_idempotency PASSED [  8%]
tests/stress/test_consistency.py::TestLogicalConsistency::test_restart_persistence PASSED [ 10%]
tests/stress/test_robustness.py::TestDataRobustness::test_ambiguous_columns PASSED [ 11%]
tests/stress/test_robustness.py::TestDataRobustness::test_empty_lines_and_duplicates PASSED [ 13%]
tests/stress/test_robustness.py::TestDataRobustness::test_extra_columns PASSED [ 14%]
tests/stress/test_robustness.py::TestDataRobustness::test_missing_optional_columns PASSED [ 16%]
tests/stress/test_robustness.py::TestDataRobustness::test_missing_required_columns PASSED [ 17%]
tests/stress/test_robustness.py::TestDataRobustness::test_negative_values PASSED [ 19%]
tests/stress/test_robustness.py::TestDataRobustness::test_row_level_mixed_units PASSED [ 20%]
tests/stress/test_robustness.py::TestDataRobustness::test_unit_k PASSED  [ 22%]
tests/stress/test_robustness.py::TestDataRobustness::test_unit_millions PASSED [ 23%]
tests/stress/test_scale.py::TestScale::test_scale_10k_transactions PASSED [ 25%]
tests/test_context_aware_engine.py::TestContextAwareEngine::test_category_threshold_and_savings_rate PASSED [ 26%]
tests/test_context_aware_engine.py::TestContextAwareEngine::test_default_fallback_and_concentration PASSED [ 28%]
tests/test_context_aware_engine.py::TestContextAwareEngine::test_high_risk_scoring_actual PASSED [ 29%]
tests/test_exposure_engine.py::TestCalculateShockImpact::test_10pct_shock PASSED [ 31%]
tests/test_exposure_engine.py::TestCalculateShockImpact::test_20pct_shock PASSED [ 32%]
tests/test_exposure_engine.py::TestCalculateShockImpact::test_determinism PASSED [ 34%]
tests/test_exposure_engine.py::TestCalculateShockImpact::test_zero_shock PASSED [ 35%]
tests/test_exposure_engine.py::TestCalculateExposure::test_basic_exposure PASSED [ 37%]
tests/test_exposure_engine.py::TestCalculateExposure::test_determinism PASSED [ 38%]
tests/test_exposure_engine.py::TestCalculateExposure::test_full_concentration PASSED [ 40%]
tests/test_exposure_engine.py::TestCalculateExposure::test_zero_share PASSED [ 41%]
tests/test_price_shock.py::TestPriceShockSimulator::test_basic_shock PASSED [ 43%]
tests/test_price_shock.py::TestPriceShockSimulator::test_determinism PASSED [ 44%]
tests/test_price_shock.py::TestPriceShockSimulator::test_risk_escalation PASSED [ 46%]
tests/test_price_shock.py::TestPriceShockSimulator::test_vendor_not_found PASSED [ 47%]
tests/test_price_shock.py::TestPriceShockSimulator::test_zero_shock PASSED [ 49%]
tests/test_state_transitions.py::TestValidTransitions::test_deferred_to_approved PASSED [ 50%]
tests/test_state_transitions.py::TestValidTransitions::test_pending_to_approved PASSED [ 52%]
tests/test_state_transitions.py::TestValidTransitions::test_pending_to_deferred PASSED [ 53%]
tests/test_state_transitions.py::TestValidTransitions::test_pending_to_rejected PASSED [ 55%]
tests/test_state_transitions.py::TestDecisionStoreBasics::test_clear PASSED [ 56%]
tests/test_state_transitions.py::TestDecisionStoreBasics::test_get_all PASSED [ 58%]
tests/test_state_transitions.py::TestDecisionStoreBasics::test_not_found_returns_none PASSED [ 59%]
tests/test_state_transitions.py::TestDecisionStoreBasics::test_save_and_retrieve PASSED [ 61%]
tests/test_state_transitions.py::TestDeterministicDecisionIds::test_different_input_different_id PASSED [ 62%]
tests/test_state_transitions.py::TestDeterministicDecisionIds::test_same_input_same_id PASSED [ 64%]
tests/test_trend_engine.py::TestRollingAverage::test_basic_3m PASSED     [ 65%]
tests/test_trend_engine.py::TestRollingAverage::test_longer_series PASSED [ 67%]
tests/test_trend_engine.py::TestRollingAverage::test_not_enough_data PASSED [ 68%]
tests/test_trend_engine.py::TestGrowthPct::test_basic_growth PASSED      [ 70%]
tests/test_trend_engine.py::TestGrowthPct::test_decline PASSED           [ 71%]
tests/test_trend_engine.py::TestGrowthPct::test_earlier_zero_spend PASSED [ 73%]
tests/test_trend_engine.py::TestGrowthPct::test_no_growth PASSED         [ 74%]
tests/test_trend_engine.py::TestGrowthPct::test_not_enough_data PASSED   [ 76%]
tests/test_trend_engine.py::TestEmergingRiskThreshold::test_threshold_value PASSED [ 77%]
tests/test_universal_ingestion.py::test_explicit_mapping_config PASSED   [ 79%]
tests/test_universal_ingestion.py::test_heuristic_auto_detection PASSED  [ 80%]
tests/test_universal_ingestion.py::test_amount_cleaner_and_skipping_zeros PASSED [ 82%]
tests/test_universal_ingestion.py::test_multiplier_application PASSED    [ 83%]
tests/test_universal_ingestion.py::test_heuristic_refusal_on_ambiguous_data PASSED [ 85%]
tests/test_universal_ingestion.py::test_extended_canonical_fields_integration PASSED [ 86%]
tests/test_universal_ingestion.py::test_finds_header_at_row5 PASSED      [ 88%]
tests/test_universal_ingestion.py::test_ingests_multi_sheet_and_deduplicates PASSED [ 89%]
tests/test_universal_ingestion.py::test_cleans_all_amount_formats PASSED [ 91%]
tests/test_universal_ingestion.py::test_handles_all_date_formats PASSED  [ 92%]
tests/test_universal_ingestion.py::test_normalises_vendor_names PASSED   [ 94%]
tests/test_universal_ingestion.py::test_llm_fallback_maps_unusual_columns PASSED [ 95%]
tests/test_universal_ingestion.py::test_confidence_gate_rejects_below_80pct PASSED [ 97%]
tests/test_universal_ingestion.py::test_result_object_has_all_fields PASSED [ 98%]
tests/test_universal_ingestion.py::test_idempotency_same_file_same_records PASSED [100%]

============================== warnings summary ===============================
tests/stress/test_audit.py: 8 warnings
tests/stress/test_boundaries.py: 8 warnings
tests/stress/test_consistency.py: 10 warnings
tests/stress/test_scale.py: 200 warnings
tests/test_context_aware_engine.py: 6 warnings
tests/test_state_transitions.py: 16 warnings
  C:\Users\faaz\AppData\Roaming\Python\Python314\site-packages\pydantic\main.py:250: DeprecationWarning: datetime.datetime.utcnow() is deprecated and scheduled for removal in a future version. Use timezone-aware objects to represent datetimes in UTC: datetime.datetime.now(datetime.UTC).
    validated_self = self.__pydantic_validator__.validate_python(data, self_instance=self)

-- Docs: https://docs.pytest.org/en/stable/how-to/capture-warnings.html
====================== 67 passed, 248 warnings in 3.58s =======================
